[crecermed.com/index.html]
[crecermed.com/xmlrpc.php]
[crecermed.com/wp-content/uploads/2017/09/favicon-crecermed.png]
[themewing.com/wordpress/petcare/wp-content/uploads/2015/05/counter-bg11.2fffe.delayed]
[backblue.gif]
[fade.gif]
[index.html]
[ajax.googleapis.com/ajax/libs/webfont/1.5.3/webfont.js]
[www.google-analytics.com/analytics.js]
[crecermed.com/wp-includes/css/dist/block-library/style.min6e7a.css]
[crecermed.com/feed/index.html]
[crecermed.com/wp-content/plugins/contact-form-7/includes/css/stylesb62d.css]
[crecermed.com/wp-content/plugins/revslider/public/assets/css/settings4ee1.css]
[crecermed.com/comments/feed/index.html]
[crecermed.com/home/feed/index.html]
[crecermed.com/wp-content/themes/petcare/css/bootstrap.min6e7a.css]
[crecermed.com/wp-content/themes/petcare/css/bootstrap-wp6e7a.css]
[crecermed.com/wp-content/themes/petcare/css/font-awesome.min6e7a.css]
[crecermed.com/wp-content/themes/petcare/css/owl.theme6e7a.css]
[crecermed.com/wp-content/themes/petcare/css/owl.transitions6e7a.css]
[crecermed.com/wp-content/themes/petcare/css/owl.carousel6e7a.css]
[crecermed.com/wp-content/themes/petcare/css/lightbox6e7a.css]
[crecermed.com/wp-content/themes/petcare/css/nanoscroller6e7a.css]
[crecermed.com/wp-content/themes/petcare/css/icomoon6e7a.css]
[crecermed.com/wp-content/themes/petcare/style6e7a.css]
[crecermed.com/wp-content/themes/petcare/themewing-style6e7a.css]
[crecermed.com/wp-content/plugins/js_composer/assets/css/js_composer.min40df.css]
[crecermed.com/wp-content/uploads/pum/pum-site-styles867b.css]
[crecermed.com/wp-content/plugins/google-analytics-for-wordpress/assets/js/frontend.min4f90.js]
[crecermed.com/wp-includes/js/jquery/jquery4a5f.js]
[crecermed.com/wp-includes/js/jquery/jquery-migrate.min330a.js]
[crecermed.com/wp-content/plugins/revslider/public/assets/js/jquery.themepunch.tools.min4ee1.js]
[crecermed.com/wp-content/plugins/revslider/public/assets/js/jquery.themepunch.revolution.min4ee1.js]
[www.google.com/recaptcha/api6e7a.js]
[crecermed.com/wp-content/themes/petcare/js/skip-link-focus-fix08e0.js]
[crecermed.com/xmlrpc0db0.php]
[crecermed.com/wp-json/index.html]
[crecermed.com/wp-includes/wlwmanifest.xml]
[crecermed.com/wp-json/oembed/1.0/embed529b.json]
[crecermed.com/wp-json/oembed/1.0/embeddd04]
[connect.facebook.net/en_US/fbevents.js]
[crecermed.com/wp-content/uploads/2015/05/fondo-crecermed.jpg]
[crecermed.com/wp-content/uploads/2017/09/logo-CRECER.png]
[crecermed.com/wp-content/uploads/2017/09/CRECERMED-SLIDER-01.jpg]
[crecermed.com/wp-content/uploads/2015/05/CRECERMED-bebe.jpg]
[crecermed.com/wp-content/uploads/2017/09/cursos-para-padres-de-especialidad-crecermed-600x500.jpg]
[crecermed.com/nosotros/index.html]
[crecermed.com/servicios/index.html]
[crecermed.com/1248.27.delayed]
[crecermed.com/pacientes-por-primera-vez/index.html]
[crecermed.com/agendamiento-de-citas-medicas/index.html]
[crecermed.com/ninos-enfermos/index.html]
[crecermed.com/informacion-y-esquemas-de-vacunas/index.html]
[crecermed.com/wp-content/uploads/2017/09/psicologia-infantil-crecermed-600x500.jpg]
[crecermed.com/controles-mensuales/index.html]
[crecermed.com/blog/index.html]
[crecermed.com/contacto/index.html]
[crecermed.com/1245]
[crecermed.com/wp-content/uploads/2015/06/CONSULTAS-MEDICA-NIÑO-CRECERMED-600x500.jpg]
[crecermed.com/622]
[crecermed.com/wp-content/uploads/2015/06/LACTANCIA-MATERNA-CRECERMED-600x500.jpg]
[crecermed.com/614]
[crecermed.com/wp-content/uploads/2015/06/NEBULIZACIONES-CRECERMED-600x500.jpg]
[crecermed.com/613]
[crecermed.com/wp-content/uploads/2015/06/SCREENING-AUDITIVO-CRECERMED-600x500.jpg]
[crecermed.com/612]
[crecermed.com/wp-content/uploads/2015/06/VACUNAS-CRECERMED-600x500.jpg]
[crecermed.com/611]
[crecermed.com/wp-content/uploads/2015/06/APLICACIÓN-DE-ARETES-CRECERMED-600x500.jpg]
[crecermed.com/609]
[crecermed.com/wp-content/uploads/2015/06/prenatal-pediatrico-600x500.png]
[crecermed.com/608]
[crecermed.com/wp-content/uploads/2020/06/service-home-600x500.png]
[crecermed.com/1570]
[crecermed.com/wp-content/uploads/2020/06/Francis-Ponce-1-600x560.jpg]
[crecermed.com/wp-content/uploads/2020/06/María-José-Fierro-1-600x560.jpg]
[crecermed.com/wp-content/uploads/2020/06/Dr-Patricio-Procel-600x560.jpg]
[crecermed.com/yourtext/dra-francis-carolina-ponce-jara/index.html]
[crecermed.com/wp-content/uploads/2020/06/Dayana-Navarro-1-600x560.jpg]
[crecermed.com/wp-content/uploads/2017/09/Fernando-Aguinaga-600x560.jpg]
[crecermed.com/yourtext/dra-rosa-romero-de-aguinaga/index.html]
[crecermed.com/wp-content/uploads/2015/06/Dra-gabriela-procel-600x560.jpg]
[crecermed.com/yourtext/maria-jose-fierro-torres/index.html]
[crecermed.com/wp-content/uploads/2015/06/Verónica-Guzmán-600x560.jpg]
[crecermed.com/yourtext/dr-patricio-procel-eguez/index.html]
[crecermed.com/yourtext/dayana-navarro/index.html]
[crecermed.com/yourtext/dr-fernando-aguinaga/index.html]
[crecermed.com/wp-content/uploads/2014/08/Ana-barreno-600x560.jpg]
[crecermed.com/wp-content/uploads/2014/07/Sara-Bedón-600x560.jpg]
[crecermed.com/wp-content/uploads/2014/07/Daniela-Troya-1-600x560.jpg]
[crecermed.com/wp-content/uploads/2015/05/EB-Product-DoctorScrubBear-Green.png]
[crecermed.com/yourtext/dra-maria-gabriela-procel/index.html]
[crecermed.com/wp-content/uploads/2019/12/Navidad-crecer-cuentos-600x560.jpg]
[crecermed.com/yourtext/dra-veronica-guzman/index.html]
[crecermed.com/wp-content/uploads/2019/03/alimentacion-complementaria-crecer-600x560.jpg]
[crecermed.com/yourtext/dra-ana-margarita-barreno/index.html]
[crecermed.com/wp-content/uploads/2019/02/ninos-palabras-600x560.jpg]
[crecermed.com/yourtext/psic-sara-lucia-bedon/index.html]
[crecermed.com/yourtext/psic-daniela-troya-malo/index.html]
[crecermed.com/wp-content/uploads/2018/11/nino-tablet-600x560.jpg]
[crecermed.com/wp-content/uploads/2020/06/IDEAS-2.png]
[crecermed.com/cuentos-de-navidad-para-los-ninos/index.html]
[crecermed.com/wp-content/uploads/2020/06/logos.png]
[crecermed.com/category/destrezas/index.html]
[crecermed.com/iniciando-la-alimentacion-complementaria/index.html]
[crecermed.com/wp-content/uploads/2020/06/popup.png]
[crecermed.com/category/comida/index.html]
[crecermed.com/category/creciendo-sano/index.html]
[crecermed.com/category/salud/index.html]
[crecermed.com/wp-content/uploads/so-css/so-css-petcarebe28.css]
[crecermed.com/wp-content/plugins/contact-form-7/includes/js/scriptsb62d.js]
[crecermed.com/wp-content/plugins/wp-spam-fighter/javascript/wp-spamfighterd633.js]
[crecermed.com/palabras-que-debe-saber-un-nino-de-dos-anos/index.html]
[www.google.com/recaptcha/api89ae.js]
[crecermed.com/la-regla-3-6-9-12-para-el-uso-de-la-tecnologia-en-los-ninos/index.html]
[crecermed.com/wp-content/themes/petcare/js/bootstrap.min.js]
[crecermed.com/wp-content/themes/petcare/js/bootstrap-wp.js]
[crecermed.com/wp-content/themes/petcare/js/jquery.counterup.min.js]
[crecermed.com/wp-content/plugins/js_composer/assets/lib/waypoints/waypoints.min40df.js]
[crecermed.com/wp-content/themes/petcare/js/owl.carousel.min.js]
[crecermed.com/wp-content/themes/petcare/js/jquery.nanoscroller.min.js]
[crecermed.com/wp-content/themes/petcare/js/lightbox.min.js]
[crecermed.com/wp-content/themes/petcare/js/custom.js]
[crecermed.com/wp-includes/js/jquery/ui/core.mine899.js]
[crecermed.com/wp-includes/js/jquery/ui/position.mine899.js]
[crecermed.com/wp-content/uploads/pum/pum-site-scripts9223.js]
[crecermed.com/wp-includes/js/wp-embed.min6e7a.js]
[crecermed.com/wp-content/plugins/js_composer/assets/js/dist/js_composer_front.min40df.js]
[crecermed.com/index.html]
[crecermed.com/xmlrpc.php]
[themewing.com/wordpress/petcare/wp-content/uploads/2015/05/counter-bg11fffe.html]
[crecermed.com/wp-content/plugins/js_composer/assets/lib/bower/skrollr/dist/skrollr.min40df.js]
[crecermed.com/wp-includes/css/dist/block-library/style.min6e7a.css]
[crecermed.com/wp-content/plugins/contact-form-7/images/ajax-loader.gif]
[crecermed.com/wp-content/plugins/contact-form-7/includes/css/stylesb62d.css]
[crecermed.com/wp-content/plugins/revslider/public/assets/fonts/revicons/revicons90c6.eot]
[crecermed.com/wp-content/plugins/revslider/public/assets/fonts/revicons/revicons90c6.woff]
[crecermed.com/wp-content/plugins/revslider/public/assets/fonts/revicons/revicons90c6.ttf]
[crecermed.com/wp-content/plugins/revslider/public/assets/fonts/revicons/revicons90c6.svg]
[crecermed.com/wp-content/plugins/revslider/public/assets/css/openhand.cur]
[crecermed.com/wp-content/plugins/revslider/public/assets/css/closedhand.cur]
[crecermed.com/wp-content/plugins/revslider/public/assets/assets/gridtile.png]
[crecermed.com/wp-content/plugins/revslider/public/assets/assets/gridtile_white.png]
[crecermed.com/wp-content/plugins/revslider/public/assets/assets/gridtile_3x3.png]
[crecermed.com/wp-content/plugins/revslider/public/assets/assets/gridtile_3x3_white.png]
[crecermed.com/wp-content/plugins/revslider/public/assets/assets/coloredbg.png]
[crecermed.com/wp-content/plugins/revslider/public/assets/assets/loader.gif]
[crecermed.com/wp-content/plugins/revslider/public/assets/css/settings4ee1.css]
[crecermed.com/wp-content/plugins/wp-spam-fighter/css/wpsfd633.css]
[crecermed.com/wp-content/themes/petcare/fonts/glyphicons-halflings-regular.eot]
[crecermed.com/wp-content/themes/petcare/fonts/glyphicons-halflings-regulard41d.eot]
[crecermed.com/wp-content/themes/petcare/fonts/glyphicons-halflings-regular.woff2]
[crecermed.com/wp-content/themes/petcare/fonts/glyphicons-halflings-regular.woff]
[crecermed.com/wp-content/themes/petcare/fonts/glyphicons-halflings-regular.ttf]
[crecermed.com/wp-content/themes/petcare/css/bootstrap.min6e7a.css]
[crecermed.com/wp-content/themes/petcare/css/bootstrap-wp6e7a.css]
[crecermed.com/wp-content/themes/petcare/fonts/glyphicons-halflings-regular.svg]
[crecermed.com/wp-content/themes/petcare/fonts/fontawesome-webfont5b62.eot]
[crecermed.com/wp-content/themes/petcare/fonts/fontawesome-webfontd41d.eot]
[crecermed.com/wp-content/themes/petcare/fonts/fontawesome-webfont5b62.woff2]
[crecermed.com/wp-content/themes/petcare/fonts/fontawesome-webfont5b62.woff]
[crecermed.com/wp-content/themes/petcare/fonts/fontawesome-webfont5b62.ttf]
[crecermed.com/wp-content/themes/petcare/css/font-awesome.min6e7a.css]
[crecermed.com/wp-content/themes/petcare/fonts/fontawesome-webfont5b62.svg]
[crecermed.com/wp-content/themes/petcare/css/AjaxLoader.gif]
[crecermed.com/wp-content/themes/petcare/css/owl.theme6e7a.css]
[crecermed.com/wp-content/themes/petcare/css/owl.transitions6e7a.css]
[crecermed.com/wp-content/themes/petcare/css/owl.video.play.png]
[crecermed.com/wp-content/themes/petcare/css/owl.carousel6e7a.css]
[crecermed.com/wp-content/themes/petcare/images/close.png]
[crecermed.com/wp-content/themes/petcare/images/loading.gif]
[crecermed.com/wp-content/themes/petcare/images/prev.png]
[crecermed.com/wp-content/themes/petcare/images/next.png]
[crecermed.com/wp-content/themes/petcare/css/lightbox6e7a.css]
[crecermed.com/wp-content/themes/petcare/css/nanoscroller6e7a.css]
[crecermed.com/wp-content/themes/petcare/fonts/IcoMoon-Free47cb.ttf]
[crecermed.com/wp-content/themes/petcare/css/icomoon6e7a.css]
[crecermed.com/wp-content/themes/petcare/images/stethoscope.png]
[crecermed.com/wp-content/themes/petcare/images/call.png]
[crecermed.com/wp-content/themes/petcare/style6e7a.css]
[crecermed.com/wp-content/themes/petcare/themewing-style6e7a.css]
[crecermed.com/wp-content/plugins/js_composer/assets/vc/alert.png]
[crecermed.com/wp-content/plugins/js_composer/assets/vc/info.png]
[crecermed.com/wp-content/plugins/js_composer/assets/vc/tick.png]
[crecermed.com/wp-content/plugins/js_composer/assets/vc/exclamation.png]
[crecermed.com/wp-content/plugins/js_composer/assets/images/icons/address-book.png]
[crecermed.com/wp-content/plugins/js_composer/assets/images/icons/alarm-clock.png]
[crecermed.com/wp-content/plugins/js_composer/assets/images/icons/anchor.png]
[crecermed.com/wp-content/plugins/js_composer/assets/images/icons/application-image.png]
[crecermed.com/wp-content/plugins/js_composer/assets/images/icons/arrow.png]
[crecermed.com/wp-content/plugins/js_composer/assets/images/icons/asterisk.png]
[crecermed.com/wp-content/plugins/js_composer/assets/images/icons/auction-hammer.png]
[crecermed.com/wp-content/plugins/js_composer/assets/images/icons/balloon.png]
[crecermed.com/wp-content/plugins/js_composer/assets/images/icons/balloon-buzz.png]
[crecermed.com/wp-content/plugins/js_composer/assets/images/icons/balloon-facebook.png]
[crecermed.com/wp-content/plugins/js_composer/assets/images/icons/balloon-twitter.png]
[crecermed.com/wp-content/plugins/js_composer/assets/images/icons/battery-full.png]
[crecermed.com/wp-content/plugins/js_composer/assets/images/icons/binocular.png]
[crecermed.com/wp-content/plugins/js_composer/assets/images/icons/blue-document-excel.png]
[crecermed.com/wp-content/plugins/js_composer/assets/images/icons/blue-document-image.png]
[crecermed.com/wp-content/plugins/js_composer/assets/images/icons/blue-document-music.png]
[crecermed.com/wp-content/plugins/js_composer/assets/images/icons/blue-document-office.png]
[crecermed.com/wp-content/plugins/js_composer/assets/images/icons/blue-document-pdf.png]
[crecermed.com/wp-content/plugins/js_composer/assets/images/icons/blue-document-powerpoint.png]
[crecermed.com/wp-content/plugins/js_composer/assets/images/icons/blue-document-word.png]
[crecermed.com/wp-content/plugins/js_composer/assets/images/icons/bookmark.png]
[crecermed.com/wp-content/plugins/js_composer/assets/images/icons/camcorder.png]
[crecermed.com/wp-content/plugins/js_composer/assets/images/icons/camera.png]
[crecermed.com/wp-content/plugins/js_composer/assets/images/icons/chart.png]
[crecermed.com/wp-content/plugins/js_composer/assets/images/icons/chart-pie.png]
[crecermed.com/wp-content/plugins/js_composer/assets/images/icons/clock.png]
[crecermed.com/wp-content/plugins/js_composer/assets/images/icons/control.png]
[crecermed.com/wp-content/plugins/js_composer/assets/images/icons/fire.png]
[crecermed.com/wp-content/plugins/js_composer/assets/images/icons/heart.png]
[crecermed.com/wp-content/plugins/js_composer/assets/images/icons/mail.png]
[crecermed.com/wp-content/plugins/js_composer/assets/images/icons/plus-shield.png]
[crecermed.com/wp-content/plugins/js_composer/assets/images/icons/video.png]
[crecermed.com/wp-content/plugins/js_composer/assets/fonts/vc_icons_v2/fonts/vcpb-plugin-iconsb82a.eot]
[crecermed.com/wp-content/plugins/js_composer/assets/fonts/vc_icons_v2/fonts/vcpb-plugin-iconsb82a.ttf]
[crecermed.com/wp-content/plugins/js_composer/assets/fonts/vc_icons_v2/fonts/vcpb-plugin-iconsb82a.woff]
[crecermed.com/wp-content/plugins/js_composer/assets/fonts/vc_icons_v2/fonts/vcpb-plugin-iconsb82a.svg]
[crecermed.com/wp-content/plugins/js_composer/assets/images/toggle_open.png]
[crecermed.com/wp-content/plugins/js_composer/assets/images/toggle_close.png]
[crecermed.com/wp-content/plugins/js_composer/assets/images/flickr.png]
[crecermed.com/wp-content/plugins/js_composer/assets/fonts/vc_grid/vc_grid_v157a1.eot]
[crecermed.com/wp-content/plugins/js_composer/assets/fonts/vc_grid/vc_grid_v1d41d.eot]
[crecermed.com/wp-content/plugins/js_composer/assets/fonts/vc_grid/vc_grid_v157a1.woff]
[crecermed.com/wp-content/plugins/js_composer/assets/fonts/vc_grid/vc_grid_v157a1.ttf]
[crecermed.com/wp-content/plugins/js_composer/assets/fonts/vc_grid/vc_grid_v157a1.svg]
[crecermed.com/wp-content/plugins/js_composer/assets/images/spinner.gif]
[crecermed.com/wp-content/plugins/js_composer/assets/vc/remove.png]
[crecermed.com/wp-content/plugins/js_composer/assets/css/js_composer.min40df.css]
[crecermed.com/wp-content/uploads/pum/pum-site-styles867b.css]
[crecermed.com/POST]
[connect.facebook.net/en_US/fbevents.js]
[crecermed.com/wp-json/oembed/1.0/embed4bae.json]
[crecermed.com/nosotros/feed/index.html]
[crecermed.com/wp-json/oembed/1.0/embedb27f]
[crecermed.com/wp-content/uploads/2017/09/counter-bg11be7f.jpg]
[crecermed.com/wp-content/uploads/2015/07/crecermed04.jpg]
[crecermed.com/wp-content/uploads/2015/07/crecermed01.jpg]
[crecermed.com/wp-content/uploads/2015/07/crecermed05.jpg]
[crecermed.com/wp-content/uploads/2015/07/crecermed03.jpg]
[crecermed.com/wp-content/uploads/2015/07/crecermed02.jpg]
[crecermed.com/wp-content/uploads/2015/05/canstockphoto7407765-300x258.png]
[crecermed.com/wp-content/uploads/2015/05/map.png]
[crecermed.com/wp-content/uploads/2015/05/phone.png]
[crecermed.com/wp-content/plugins/js_composer/assets/lib/vc_carousel/css/vc_carousel.min40df.css]
[crecermed.com/wp-content/plugins/js_composer/assets/lib/vc_carousel/js/transition.min40df.js]
[crecermed.com/nosotros/index.html]
[crecermed.com/wp-content/plugins/js_composer/assets/lib/vc_carousel/js/vc_carousel.min40df.js]
[crecermed.com/wp-json/oembed/1.0/embed35ea.json]
[crecermed.com/servicios/feed/index.html]
[crecermed.com/wp-json/oembed/1.0/embed63d7]
[crecermed.com/wp-content/uploads/2015/06/CONSULTAS-MEDICA-NIÑO-CRECERMED-500x500.jpg]
[crecermed.com/wp-content/uploads/2015/06/LACTANCIA-MATERNA-CRECERMED-500x500.jpg]
[crecermed.com/wp-content/uploads/2015/06/prenatal-pediatrico-500x500.png]
[crecermed.com/wp-content/uploads/2017/09/cursos-para-padres-de-especialidad-crecermed-500x500.jpg]
[crecermed.com/wp-content/uploads/2020/06/service.png]
[crecermed.com/wp-content/uploads/2017/09/psicologia-infantil-crecermed-500x500.jpg]
[crecermed.com/wp-content/uploads/2019/02/psicologia-crecer-pediatra-250x250.jpg]
[crecermed.com/wp-content/uploads/2019/02/psicologia-juvenil-crecer-250x250.jpg]
[crecermed.com/wp-content/uploads/2019/02/psicologia-crecer-1024x329.png]
[crecermed.com/wp-content/uploads/2015/06/NEBULIZACIONES-CRECERMED-250x250.jpg]
[crecermed.com/wp-content/uploads/2015/06/SCREENING-AUDITIVO-CRECERMED-250x250.jpg]
[crecermed.com/wp-content/uploads/2015/07/crecermed02-250x250.jpg]
[crecermed.com/wp-content/uploads/2015/06/APLICACIÓN-DE-ARETES-CRECERMED-250x250.jpg]
[crecermed.com/servicios/index.html]
[crecermed.com/wp-json/oembed/1.0/embed6e14.json]
[crecermed.com/wp-json/oembed/1.0/embed6181]
[crecermed.com/wp-content/uploads/2015/07/crecermed.png]
[crecermed.com/pacientes-por-primera-vez/index.html]
[crecermed.com/wp-json/oembed/1.0/embed5e03.json]
[crecermed.com/wp-json/oembed/1.0/embed4e51]
[crecermed.com/wp-content/uploads/2017/09/kid-doctor-shutterstock_97282130.jpg]
[crecermed.com/agendamiento-de-citas-medicas/index.html]
[crecermed.com/wp-json/oembed/1.0/embed3755.json]
[crecermed.com/wp-json/oembed/1.0/embedf947]
[crecermed.com/wp-content/uploads/2017/09/enfermo-crecermed.png]
[crecermed.com/wp-content/plugins/js_composer/assets/lib/vc_accordion/vc-accordion.min40df.js]
[crecermed.com/wp-content/plugins/js_composer/assets/css/js_composer_tta.min40df.css]
[crecermed.com/wp-content/plugins/js_composer/assets/lib/vc-tta-autoplay/vc-tta-autoplay.min40df.js]
[crecermed.com/ninos-enfermos/index.html]
[crecermed.com/wp-json/oembed/1.0/embedb1f1.json]
[crecermed.com/informacion-y-esquemas-de-vacunas/feed/index.html]
[crecermed.com/wp-json/oembed/1.0/embedc6fc]
[crecermed.com/wp-content/uploads/2017/09/Carnet-de-vacunacion-web2.jpg]
[crecermed.com/wp-content/uploads/2017/09/Carnet-de-vacunacion-web1-1.jpg]
[crecermed.com/wp-content/uploads/2020/04/Crecermed-Guía-de-Alimentación.pdf]
[crecermed.com/wp-content/uploads/2020/04/Alimentacion.png]
[crecermed.com/wp-content/uploads/2020/04/Crecermed-Guía-de-Lactancia.pdf]
[crecermed.com/wp-content/uploads/2020/04/Lactancia.png]
[crecermed.com/wp-content/uploads/2020/04/Crecermed-Guía-de-Recien-Nacido.pdf]
[crecermed.com/wp-content/uploads/2020/04/Recien-Nacido.png]
[crecermed.com/wp-content/uploads/2020/04/Crecermed-Guía-de-Vacunas.pdf]
[crecermed.com/wp-content/uploads/2020/04/Vacunas.png]
[crecermed.com/informacion-y-esquemas-de-vacunas/index.html]
[crecermed.com/wp-content/plugins/js_composer/assets/lib/bower/animate-css/animate.min40df.css]
[crecermed.com/wp-json/oembed/1.0/embed41ee.json]
[crecermed.com/wp-json/oembed/1.0/embed7ed0]
[crecermed.com/wp-content/uploads/2017/09/control-crecermed.png]
[crecermed.com/controles-mensuales/index.html]
[crecermed.com/wp-content/uploads/2019/12/Navidad-crecer-cuentos-1140x580.jpg]
[crecermed.com/wp-content/uploads/2019/03/alimentacion-complementaria-crecer-1140x580.jpg]
[crecermed.com/wp-content/uploads/2019/02/ninos-palabras-1140x580.jpg]
[crecermed.com/wp-content/uploads/2018/11/nino-tablet-1140x580.jpg]
[crecermed.com/wp-content/uploads/2018/11/bebé-12-meses-crecer-desarrollo.psicomotor-1140x580.jpg]
[crecermed.com/wp-content/uploads/2018/09/lonchera-saludable-1140x580.jpg]
[crecermed.com/wp-content/uploads/2018/07/fibre-bebe-1140x580.jpg]
[crecermed.com/guia-para-evaluar-el-desarrollo-psicomotor-de-tu-bebe/index.html]
[crecermed.com/author/elements/index.html]
[crecermed.com/wp-content/uploads/2018/06/tooth-kids-1140x580.jpg]
[crecermed.com/como-armar-una-lonchera-saludable/index.html]
[crecermed.com/wp-content/uploads/2018/06/juguetes-ninos-crecermed-1140x580.jpg]
[crecermed.com/wp-content/uploads/2018/05/food-1140x580.jpg]
[crecermed.com/como-puedo-saber-si-mi-bebe-tiene-fiebre/index.html]
[crecermed.com/el-medicamento-que-la-fda-pide-no-usar-en-ninos/index.html]
[crecermed.com/wp-content/uploads/2019/12/Navidad-crecer-cuentos-70x60.jpg]
[crecermed.com/wp-content/uploads/2019/03/alimentacion-complementaria-crecer-70x60.jpg]
[crecermed.com/wp-content/uploads/2019/02/ninos-palabras-70x60.jpg]
[crecermed.com/wp-content/uploads/2018/11/nino-tablet-70x60.jpg]
[crecermed.com/blog/index.html]
[crecermed.com/juegos-que-estimulan-la-imaginacion-de-tu-bebe/index.html]
[crecermed.com/inicio-de-la-alimentacion-complementaria/index.html]
[crecermed.com/blog/page/2/index.html]
[crecermed.com/tag/12-meses/index.html]
[crecermed.com/tag/adulto/index.html]
[crecermed.com/wp-json/oembed/1.0/embedd2ed.json]
[crecermed.com/tag/bebe/index.html]
[crecermed.com/tag/bebes/index.html]
[crecermed.com/tag/comer/index.html]
[crecermed.com/tag/computadora/index.html]
[crecermed.com/wp-json/oembed/1.0/embed3136]
[crecermed.com/contacto/index.html]
[crecermed.com/tag/corporal/index.html]
[crecermed.com/tag/cuentos-de-navidad/index.html]
[crecermed.com/1248.html]
[crecermed.com/tag/desarollo-psicomotor/index.html]
[crecermed.com/1245.html]
[crecermed.com/tag/dos-anos/index.html]
[crecermed.com/622.html]
[crecermed.com/tag/fda/index.html]
[crecermed.com/614.html]
[crecermed.com/tag/fibre/index.html]
[crecermed.com/613.html]
[crecermed.com/tag/fiestas-navidenas/index.html]
[crecermed.com/612.html]
[crecermed.com/tag/guia/index.html]
[crecermed.com/611.html]
[crecermed.com/tag/internet/index.html]
[crecermed.com/609.html]
[crecermed.com/tag/ipad/index.html]
[crecermed.com/608.html]
[crecermed.com/tag/juegos/index.html]
[crecermed.com/1570.html]
[crecermed.com/tag/meses/index.html]
[crecermed.com/tag/navidad/index.html]
[crecermed.com/tag/ninos/index.html]
[crecermed.com/tag/objetos/index.html]
[crecermed.com/tag/palabras/index.html]
[crecermed.com/wp-json/oembed/1.0/embed2aeb.json]
[crecermed.com/tag/panal/index.html]
[crecermed.com/tag/tablet/index.html]
[crecermed.com/tag/tecnologia/index.html]
[crecermed.com/tag/temperatura/index.html]
[crecermed.com/wp-json/oembed/1.0/embed1e3c]
[crecermed.com/wp-content/uploads/2020/06/Francis-Ponce-1.jpg]
[crecermed.com/yourtext/dra-francis-carolina-ponce-jara/index.html]
[crecermed.com/wp-content/uploads/2014/08/Rosita-Romero-600x560.jpg]
[crecermed.com/contacto/feed/index.html]
[crecermed.com/wp-json/oembed/1.0/embed6fb5.json]
[crecermed.com/wp-json/oembed/1.0/embed501d]
[crecermed.com/wp-content/uploads/2014/08/Rosita-Romero.jpg]
[crecermed.com/yourtext/dra-rosa-romero-de-aguinaga/index.html]
[crecermed.com/wp-json/oembed/1.0/embed0397.json]
[crecermed.com/wp-json/oembed/1.0/embed2eec]
[crecermed.com/wp-content/uploads/2020/06/María-José-Fierro-1.jpg]
[crecermed.com/yourtext/maria-jose-fierro-torres/index.html]
[crecermed.com/wp-json/oembed/1.0/embede5d9.json]
[crecermed.com/wp-json/oembed/1.0/embed0e03]
[crecermed.com/wp-content/uploads/2020/06/Dr-Patricio-Procel.jpg]
[crecermed.com/yourtext/dr-patricio-procel-eguez/index.html]
[crecermed.com/wp-json/oembed/1.0/embedb678.json]
[crecermed.com/wp-json/oembed/1.0/embedc2b7]
[crecermed.com/wp-content/uploads/2020/06/Dayana-Navarro-1.jpg]
[crecermed.com/yourtext/dayana-navarro/index.html]
[crecermed.com/wp-json/oembed/1.0/embedd73c.json]
[crecermed.com/wp-json/oembed/1.0/embedd8d6]
[crecermed.com/wp-content/uploads/2017/09/Fernando-Aguinaga.jpg]
[crecermed.com/yourtext/dr-fernando-aguinaga/index.html]
[crecermed.com/wp-json/oembed/1.0/embedeecb.json]
[crecermed.com/wp-json/oembed/1.0/embed5766]
[crecermed.com/wp-content/uploads/2015/06/Dra-gabriela-procel.jpg]
[crecermed.com/yourtext/dra-maria-gabriela-procel/index.html]
[crecermed.com/wp-json/oembed/1.0/embedd16c.json]
[crecermed.com/wp-json/oembed/1.0/embed0b78]
[crecermed.com/wp-content/uploads/2015/06/Verónica-Guzmán.jpg]
[crecermed.com/yourtext/dra-veronica-guzman/index.html]
[crecermed.com/wp-json/oembed/1.0/embed6d80.json]
[crecermed.com/wp-json/oembed/1.0/embed3e84]
[crecermed.com/wp-content/uploads/2014/08/Ana-barreno.jpg]
[crecermed.com/yourtext/dra-ana-margarita-barreno/index.html]
[crecermed.com/wp-json/oembed/1.0/embed7666.json]
[crecermed.com/wp-json/oembed/1.0/embeda256]
[crecermed.com/wp-content/uploads/2014/07/Sara-Bedón.jpg]
[crecermed.com/yourtext/psic-sara-lucia-bedon/index.html]
[crecermed.com/wp-json/oembed/1.0/embed5712.json]
[crecermed.com/wp-json/oembed/1.0/embed58a6]
[crecermed.com/wp-content/uploads/2014/07/Daniela-Troya-1.jpg]
[crecermed.com/yourtext/psic-daniela-troya-malo/index.html]
[crecermed.com/wp-json/oembed/1.0/embed457c.json]
[crecermed.com/cuentos-de-navidad-para-los-ninos/feed/index.html]
[crecermed.com/wp-json/oembed/1.0/embed9725]
[static.guiainfantil.com/pictures/articulos/34288-3-cuento-corto-de-navidad-para-ninos-de-charles-dickens.jpg]
[static.guiainfantil.com/pictures/articulos/303-3-la-verdadera-historia-de-papa-noel.jpg]
[static.guiainfantil.com/pictures/articulos/293-3-nacimiento-del-nino-jesus-cuento-de-navidad.jpg]
[static.guiainfantil.com/pictures/articulos/1139-3-una-navidad-en-el-bosque-cuento-de-navidad.jpg]
[static.guiainfantil.com/pictures/articulos/37301-3-el-reno-rudolph-leyenda-y-cuento-de-navidad-para-ninos.jpg]
[static.guiainfantil.com/pictures/articulos/295-3-un-regalo-de-navidad-cuento-navideno.jpg]
[static.guiainfantil.com/pictures/articulos/294-3-el-nino-que-lo-quiere-todo-cuento-de-navidad.jpg]
[static.guiainfantil.com/pictures/articulos2/0000/308-3-el-arbolito-de-navidad-cuento-para-ninos-con-valores.jpg]
[static.guiainfantil.com/pictures/articulos/39864-3-la-estrella-de-belen-cuento-navideno-para-ninos.jpg]
[static.guiainfantil.com/pictures/articulos2/41000/41952-3-el-muneco-de-nieve-cuento-de-navidad-para-ninos.jpg]
[static.guiainfantil.com/pictures/articulos/291-3-el-gigante-egoista-cuento-de-navidad.jpg]
[static.guiainfantil.com/pictures/articulos/296-3-un-viaje-increible-cuento-de-navidad.jpg]
[static.guiainfantil.com/pictures/articulos/288-3-el-cocinero-de-nochebuena-cuento-de-navidad-para-ninos.jpg]
[static.guiainfantil.com/pictures/articulos/34325-3-la-nina-de-los-fosforos-cuento-de-navidad-para-ninos.jpg]
[static.guiainfantil.com/pictures/articulos/34323-3-el-hombre-de-jengibre-cuento-de-navidad-para-ninos.jpg]
[static.guiainfantil.com/pictures/articulos2/1000/1376-3-cuento-infantil-el-raton-enriqueto.jpg]
[static.guiainfantil.com/pictures/articulos/34289-3-el-cascanueces-cuentos-de-navidad-para-ninos.jpg]
[static.guiainfantil.com/pictures/articulos/304-3-sus-majestades-los-reyes-magos-del-oriente.jpg]
[static.guiainfantil.com/pictures/articulos/39406-3-cuento-de-los-reyes-magos-de-oriente-para-ninos.jpg]
[static.guiainfantil.com/pictures/articulos2/41000/41928-3-erase-una-vez-una-noche-de-reyes-cuento-de-navidad-para-ninos.jpg]
[static.guiainfantil.com/pictures/articulos2/42000/42026-3-la-rosa-de-navidad-cuento-navideno-para-ninos.jpg]
[static.guiainfantil.com/pictures/articulos/39817-3-la-flor-de-nochebuena-leyenda-navidena-de-mexico.jpg]
[static.guiainfantil.com/media/11354/cuento-navidad-para-ninos.jpg]
[crecermed.com/wp-content/uploads/2018/11/nino-tablet-250x160.jpg]
[crecermed.com/wp-content/uploads/2018/06/juguetes-ninos-crecermed-250x160.jpg]
[crecermed.com/wp-content/uploads/2015/06/articulo3-250x160.png]
[crecermed.com/5-razones-para-realizar-una-evaluacion-de-fortalezas/index.html]
[crecermed.com/wp-content/uploads/2018/11/bebé-12-meses-crecer-desarrollo.psicomotor-250x160.jpg]
[crecermed.com/cuentos-de-navidad-para-los-ninos/index.html]
[crecermed.com/wp-content/uploads/2018/05/school-1140x580.jpg]
[crecermed.com/wp-content/uploads/2015/06/articulo3.png]
[crecermed.com/category/destrezas/index.html]
[crecermed.com/category/destrezas/feed/index.html]
[crecermed.com/wp-json/oembed/1.0/embede8ab.json]
[crecermed.com/la-guarderia-y-el-desarrollo-emocional-de-tu-bebe/index.html]
[crecermed.com/iniciando-la-alimentacion-complementaria/feed/index.html]
[crecermed.com/wp-json/oembed/1.0/embed2bfc]
[crecermed.com/wp-content/uploads/2019/03/frutas-crecer-1024x629.jpg]
[crecermed.com/wp-content/uploads/2019/03/vegetales-ninos-1024x629.jpg]
[crecermed.com/wp-content/uploads/2019/03/cubierto-nino.jpg]
[crecermed.com/wp-content/uploads/2018/05/food-250x160.jpg]
[crecermed.com/wp-content/uploads/2015/06/lonchera-250x160.png]
[crecermed.com/wp-content/uploads/2018/09/lonchera-saludable-250x160.jpg]
[crecermed.com/wp-content/uploads/2017/10/web-crecermed02-1-250x160.png]
[crecermed.com/iniciando-la-alimentacion-complementaria/index.html]
[crecermed.com/wp-content/uploads/2018/05/twins-1140x580.jpg]
[crecermed.com/lonchera-saludable/index.html]
[crecermed.com/wp-content/uploads/2015/06/lonchera.png]
[crecermed.com/category/comida/index.html]
[crecermed.com/category/comida/feed/index.html]
[crecermed.com/category/creciendo-sano/index.html]
[crecermed.com/category/creciendo-sano/feed/index.html]
[crecermed.com/category/salud/index.html]
[crecermed.com/el-sentido-del-oido-y-sus-cuidados/index.html]
[crecermed.com/como-educar-a-tus-gemelos/index.html]
[crecermed.com/category/creciendo-sano/page/2/index.html]
[crecermed.com/category/salud/feed/index.html]
[crecermed.com/wp-json/oembed/1.0/embedb7dd.json]
[crecermed.com/palabras-que-debe-saber-un-nino-de-dos-anos/feed/index.html]
[crecermed.com/wp-json/oembed/1.0/embed5416]
[crecermed.com/wp-content/uploads/2018/05/school-250x160.jpg]
[crecermed.com/wp-content/uploads/2019/12/Navidad-crecer-cuentos-250x160.jpg]
[crecermed.com/wp-content/plugins/akismet/_inc/forma352.js]
[crecermed.com/palabras-que-debe-saber-un-nino-de-dos-anos/index.html]
[crecermed.com/wp-json/oembed/1.0/embed2a4f.json]
[crecermed.com/la-regla-3-6-9-12-para-el-uso-de-la-tecnologia-en-los-ninos/feed/index.html]
[crecermed.com/wp-json/oembed/1.0/embed82b0]
[crecermed.com/wp-content/uploads/2018/05/twins-250x160.jpg]
[crecermed.com/wp-content/uploads/2019/03/alimentacion-complementaria-crecer-250x160.jpg]
[crecermed.com/la-regla-3-6-9-12-para-el-uso-de-la-tecnologia-en-los-ninos/index.html]
[crecermed.com/wp-content/uploads/so-css/so-css-petcarebe28.css]
[crecermed.com/wp-content/plugins/revslider/public/assets/fonts/revicons/revicons90c6.svg]
[crecermed.com/wp-content/themes/petcare/fonts/glyphicons-halflings-regular.svg]
[crecermed.com/wp-content/themes/petcare/fonts/fontawesome-webfont5b62.svg]
[crecermed.com/wp-content/themes/petcare/css/AjaxLoader.html]
[crecermed.com/wp-content/themes/petcare/css/owl.video.play.html]
[crecermed.com/wp-content/plugins/js_composer/assets/fonts/vc_icons_v2/fonts/vcpb-plugin-iconsb82a.svg]
[crecermed.com/wp-content/plugins/js_composer/assets/vc/blur.svg]
[crecermed.com/wp-content/plugins/js_composer/assets/fonts/vc_grid/vc_grid_v157a1.svg]
[crecermed.com/POST.html]
[crecermed.com/wp-content/plugins/js_composer/assets/lib/vc_carousel/css/vc_carousel.min40df.css]
[crecermed.com/index2f19.html]
[crecermed.com/indexbbee.html]
[crecermed.com/index1de6.html]
[crecermed.com/index58d1.html]
[crecermed.com/wp-content/plugins/js_composer/assets/css/js_composer_tta.min40df.css]
[crecermed.com/index905b.html]
[crecermed.com/wp-content/plugins/js_composer/assets/lib/bower/animate-css/animate.min40df.css]
[crecermed.com/index5628.html]
[crecermed.com/author/elements/index.html]
[crecermed.com/author/elements/feed/index.html]
[crecermed.com/wp-json/oembed/1.0/embedae72.json]
[crecermed.com/author/elements/page/2/index.html]
[crecermed.com/guia-para-evaluar-el-desarrollo-psicomotor-de-tu-bebe/feed/index.html]
[crecermed.com/wp-json/oembed/1.0/embed1410]
[crecermed.com/wp-content/uploads/2018/11/adorable-baby-blur-459976-200x300.jpg]
[crecermed.com/guia-para-evaluar-el-desarrollo-psicomotor-de-tu-bebe/index.html]
[crecermed.com/wp-json/oembed/1.0/embed7988.json]
[crecermed.com/como-armar-una-lonchera-saludable/feed/index.html]
[crecermed.com/wp-json/oembed/1.0/embed9450]
[crecermed.com/wp-content/uploads/2015/06/ARTICULO02-250x160.png]
[crecermed.com/como-armar-una-lonchera-saludable/index.html]
[crecermed.com/wp-json/oembed/1.0/embed0858.json]
[crecermed.com/como-puedo-saber-si-mi-bebe-tiene-fiebre/feed/index.html]
[crecermed.com/por-que-los-ninos-deben-dormir-temprano/index.html]
[crecermed.com/wp-json/oembed/1.0/embedc908]
[crecermed.com/wp-content/uploads/2018/06/tooth-kids-250x160.jpg]
[crecermed.com/como-puedo-saber-si-mi-bebe-tiene-fiebre/index.html]
[crecermed.com/wp-json/oembed/1.0/embed53b9.json]
[crecermed.com/el-medicamento-que-la-fda-pide-no-usar-en-ninos/feed/index.html]
[crecermed.com/wp-json/oembed/1.0/embedc3f0]
[crecermed.com/wp-content/uploads/2018/02/28-web-250x160.png]
[crecermed.com/el-medicamento-que-la-fda-pide-no-usar-en-ninos/index.html]
[crecermed.com/wp-json/oembed/1.0/embedc377.json]
[crecermed.com/el-lenguaje-corporal-de-tu-bebe/index.html]
[crecermed.com/juegos-que-estimulan-la-imaginacion-de-tu-bebe/feed/index.html]
[crecermed.com/wp-json/oembed/1.0/embeda89a]
[crecermed.com/juegos-que-estimulan-la-imaginacion-de-tu-bebe/index.html]
[crecermed.com/wp-json/oembed/1.0/embede42b.json]
[crecermed.com/inicio-de-la-alimentacion-complementaria/feed/index.html]
[crecermed.com/wp-json/oembed/1.0/embed8302]
[crecermed.com/inicio-de-la-alimentacion-complementaria/index.html]
[crecermed.com/wp-content/uploads/2018/02/28-web.png]
[crecermed.com/wp-content/uploads/2017/10/web-crecermed02-1.png]
[crecermed.com/wp-content/uploads/2017/10/web-crecermed01.png]
[crecermed.com/wp-content/uploads/2015/06/ARTICULO02.png]
[crecermed.com/wp-content/uploads/2015/06/ARTICULO01.png]
[crecermed.com/blog/page/2/index.html]
[crecermed.com/tag/12-meses/index.html]
[crecermed.com/tag/adulto/index.html]
[crecermed.com/tag/12-meses/feed/index.html]
[crecermed.com/la-importancia-de-la-lactancia-materna/index.html]
[crecermed.com/tag/bebe/index.html]
[crecermed.com/tag/bebes/index.html]
[crecermed.com/tag/adulto/feed/index.html]
[crecermed.com/el-plan-canguro-humanizacion-en-neonatologia/index.html]
[crecermed.com/tag/comer/index.html]
[crecermed.com/tag/computadora/index.html]
[crecermed.com/tag/bebe/feed/index.html]
[crecermed.com/tag/bebes/feed/index.html]
[crecermed.com/tag/comer/feed/index.html]
[crecermed.com/tag/computadora/feed/index.html]
[crecermed.com/tag/corporal/index.html]
[crecermed.com/tag/cuentos-de-navidad/index.html]
[crecermed.com/tag/desarollo-psicomotor/index.html]
[crecermed.com/tag/dos-anos/index.html]
[crecermed.com/tag/corporal/feed/index.html]
[crecermed.com/tag/fda/index.html]
[crecermed.com/tag/cuentos-de-navidad/feed/index.html]
[crecermed.com/tag/desarollo-psicomotor/feed/index.html]
[crecermed.com/tag/dos-anos/feed/index.html]
[crecermed.com/tag/fibre/index.html]
[crecermed.com/tag/fda/feed/index.html]
[crecermed.com/tag/fiestas-navidenas/index.html]
[crecermed.com/tag/guia/index.html]
[crecermed.com/tag/internet/index.html]
[crecermed.com/tag/fibre/feed/index.html]
[crecermed.com/tag/fiestas-navidenas/feed/index.html]
[crecermed.com/tag/guia/feed/index.html]
[crecermed.com/tag/ipad/index.html]
[crecermed.com/tag/internet/feed/index.html]
[crecermed.com/tag/juegos/index.html]
[crecermed.com/tag/meses/index.html]
[crecermed.com/tag/navidad/index.html]
[crecermed.com/tag/ipad/feed/index.html]
[crecermed.com/tag/ninos/index.html]
[crecermed.com/tag/juegos/feed/index.html]
[crecermed.com/tag/meses/feed/index.html]
[crecermed.com/tag/objetos/index.html]
[crecermed.com/tag/navidad/feed/index.html]
[crecermed.com/tag/ninos/feed/index.html]
[crecermed.com/tag/objetos/feed/index.html]
[crecermed.com/tag/palabras/index.html]
[crecermed.com/tag/panal/index.html]
[crecermed.com/tag/tablet/index.html]
[crecermed.com/tag/tecnologia/index.html]
[crecermed.com/tag/panal/feed/index.html]
[crecermed.com/tag/palabras/feed/index.html]
[crecermed.com/tag/temperatura/index.html]
[crecermed.com/index5f81.html]
[crecermed.com/index9e5e.html]
[crecermed.com/index39a7.html]
[crecermed.com/indexf937.html]
[crecermed.com/index5c81.html]
[crecermed.com/indexebbd.html]
[crecermed.com/indexc17f.html]
[crecermed.com/index5c49.html]
[crecermed.com/index8372.html]
[crecermed.com/index5e1c.html]
[crecermed.com/indexc7c9.html]
[crecermed.com/index73f1.html]
[crecermed.com/index3be1.html]
[crecermed.com/tag/tablet/feed/index.html]
[crecermed.com/tag/tecnologia/feed/index.html]
[crecermed.com/tag/temperatura/feed/index.html]
[crecermed.com/5-razones-para-realizar-una-evaluacion-de-fortalezas/feed/index.html]
[crecermed.com/wp-json/oembed/1.0/embedde5d.json]
[crecermed.com/wp-json/oembed/1.0/embedeaee]
[crecermed.com/wp-content/uploads/2019/02/ninos-palabras-250x160.jpg]
[crecermed.com/5-razones-para-realizar-una-evaluacion-de-fortalezas/index.html]
[crecermed.com/wp-json/oembed/1.0/embed30ea.json]
[crecermed.com/la-guarderia-y-el-desarrollo-emocional-de-tu-bebe/feed/index.html]
[crecermed.com/wp-json/oembed/1.0/embed52c8]
[crecermed.com/la-guarderia-y-el-desarrollo-emocional-de-tu-bebe/index.html]
[crecermed.com/indexba9e.html]
[crecermed.com/wp-json/oembed/1.0/embed2142.json]
[crecermed.com/lonchera-saludable/feed/index.html]
[crecermed.com/wp-json/oembed/1.0/embed4c91]
[crecermed.com/wp-content/uploads/2015/06/lonchera1.jpg]
[crecermed.com/lonchera-saludable/index.html]
[crecermed.com/wp-json/oembed/1.0/embed4b93.json]
[crecermed.com/el-sentido-del-oido-y-sus-cuidados/feed/index.html]
[crecermed.com/wp-json/oembed/1.0/embed90a7]
[crecermed.com/el-sentido-del-oido-y-sus-cuidados/index.html]
[crecermed.com/wp-json/oembed/1.0/embedec7e.json]
[crecermed.com/como-educar-a-tus-gemelos/feed/index.html]
[crecermed.com/wp-json/oembed/1.0/embedcaf4]
[crecermed.com/wp-content/uploads/2015/06/ARTICULO01-250x160.png]
[crecermed.com/como-educar-a-tus-gemelos/index.html]
[crecermed.com/category/creciendo-sano/page/2/index.html]
[crecermed.com/indexc339.html]
[crecermed.com/indexe2d5.html]
[crecermed.com/index22b3.html]
[crecermed.com/author/elements/page/2/index.html]
[crecermed.com/index24bb.html]
[crecermed.com/index721c.html]
[crecermed.com/wp-json/oembed/1.0/embed482a.json]
[crecermed.com/por-que-los-ninos-deben-dormir-temprano/feed/index.html]
[crecermed.com/wp-json/oembed/1.0/embed6f31]
[crecermed.com/por-que-los-ninos-deben-dormir-temprano/index.html]
[crecermed.com/indexe6a5.html]
[crecermed.com/index26d0.html]
[crecermed.com/wp-json/oembed/1.0/embede356.json]
[crecermed.com/el-lenguaje-corporal-de-tu-bebe/feed/index.html]
[crecermed.com/wp-json/oembed/1.0/embeda86e]
[crecermed.com/wp-content/uploads/2018/07/fibre-bebe-250x160.jpg]
[crecermed.com/el-lenguaje-corporal-de-tu-bebe/index.html]
[crecermed.com/index876b.html]
[crecermed.com/indexccbd.html]
[crecermed.com/wp-json/oembed/1.0/embed41db.json]
[crecermed.com/la-importancia-de-la-lactancia-materna/feed/index.html]
[crecermed.com/wp-json/oembed/1.0/embedff09]
[crecermed.com/la-importancia-de-la-lactancia-materna/index.html]
[crecermed.com/wp-json/oembed/1.0/embed55ea.json]
[crecermed.com/el-plan-canguro-humanizacion-en-neonatologia/feed/index.html]
[crecermed.com/wp-json/oembed/1.0/embed9859]
[crecermed.com/el-plan-canguro-humanizacion-en-neonatologia/index.html]
[crecermed.com/indexfcd3.html]
[crecermed.com/index8c47.html]
[crecermed.com/indexf8ad.html]
[crecermed.com/indexb951.html]
[crecermed.com/index9e60.html]
[crecermed.com/index7a58.html]
[crecermed.com/indexf0e8.html]
[crecermed.com/index8005.html]
[crecermed.com/indexf167.html]
